C51 COMPILER V9.60.7.0   LVD                                                               11/20/2024 14:32:27 PAGE 1   


C51 COMPILER V9.60.7.0, COMPILATION OF MODULE LVD
OBJECT MODULE PLACED IN .\Release\Objects\LVD.obj
COMPILER INVOKED BY: C:\Keil_v5\C51\BIN\C51.EXE ..\..\User\LVD.C LARGE OPTIMIZE(8,SPEED) BROWSE INTVECTOR(0X000C) INCDIR
                    -(..\..\Libraries\Include;..\..\User) INTERVAL(3) DEBUG OBJECTEXTEND PRINT(.\Release\Listings\LVD.lst) OBJECT(.\Release\O
                    -bjects\LVD.obj)

line level    source

   1          #include "include.h"
   2          
   3          volatile u8 lvd_flag;
   4          volatile u8 lvd_mode = 0;
   5          extern bit dly_pwr_on ;
   6          void LVD_IRQHandler(void) interrupt LVD_IRQn
   7          {
   8   1          // 进入中断设置IP，不可删除
   9   1          __IRQnIPnPush(LVD_IRQn);
  10   1          
  11   1          // ---------------- 用户函数处理 -------------------
  12   1          
  13   1          if(LVD_CON1 & LVD_VCC_FLAG(0x1)) {         // VCC低电
  14   2              LVD_CON1 |= LVD_VCC_FLAG(0x1);         // 清除LVD VCC低电标志位
  15   2              lvd_flag = 1;
  16   2              // user_printf("lvd pwr 3V \n");
  17   2              debug_putchar(lvd_mode);
  18   2          }
  19   1              if(lvd_mode == 3)
  20   1              {
  21   2                  lvd_flag  = 3;
  22   2                                              dly_pwr_on = 1;
  23   2                  user_printf("lvd3\n");
  24   2              }
  25   1              if(lvd_mode == 4)
  26   1              {
  27   2                  lvd_flag  = 4;
  28   2                  user_printf("lvd4\n");
  29   2      
  30   2              }
  31   1          
  32   1          // 退出中断设置IP，不可删除
  33   1          __IRQnIPnPop(LVD_IRQn);
  34   1      }
  35          
  36          
  37          void init_lvd_3v(void)
  38          {
  39   1          __EnableIRQ(LVD_IRQn);                  // 使能LVD中断
  40   1          IE_EA = 1;                              // 使能总中断
  41   1          
  42   1          LVD_CON0 &= ~(LVD_OUTSYS_EN(0x1)   | 
  43   1                        LVD_VCC_RST_EN(0x1)  |
  44   1                        LVD_VCC_VPT_SET(0x7) | 
  45   1                        LVD_VCC_DETE_EN(0x1));
  46   1          LVD_CON0 |= (LVD_OUTSYS_EN(0x1)   |     // LVD中断和复位功能输出到系统使能
  47   1                       LVD_VCC_RST_EN(0x0)  |     // VCC低电压中断使能
  48   1                       LVD_VCC_VPT_SET(0x5) |     // VCCA电源电压低电检测阈值3.7v
  49   1                       LVD_VCC_DETE_EN(0x1));     // VCC 电源VCC电压低电检测功能使能
  50   1          LVD_CON1 &= ~LVD_VCC_SYN_DIS(0x0);      // LVD VCC低电检测同步器打开
  51   1                      lvd_mode = 3;
  52   1      }
  53          
C51 COMPILER V9.60.7.0   LVD                                                               11/20/2024 14:32:27 PAGE 2   

  54          //上电配置4V,上电后再配置为3V，用于检查电压跌落
  55          void init_lvd_4V(void)
  56          {
  57   1              __EnableIRQ(LVD_IRQn);                  // 使能LVD中断
  58   1          IE_EA = 1;                              // 使能总中断
  59   1          
  60   1          LVD_CON0 &= ~(LVD_OUTSYS_EN(0x1)   | 
  61   1                        LVD_VCC_RST_EN(0x1)  |
  62   1                        LVD_VCC_VPT_SET(0x7) | 
  63   1                        LVD_VCC_DETE_EN(0x1));
  64   1          LVD_CON0 |= (LVD_OUTSYS_EN(0x1)   |     // LVD中断和复位功能输出到系统使能
  65   1                       LVD_VCC_RST_EN(0x0)  |     // VCC低电压中断使能
  66   1                       LVD_VCC_VPT_SET(0x7) |     // VCCA电源电压低电检测阈值4.3v
  67   1                       LVD_VCC_DETE_EN(0x1));     // VCC 电源VCC电压低电检测功能使能
  68   1          LVD_CON1 &= ~LVD_VCC_SYN_DIS(0x0);      // LVD VCC低电检测同步器打开
  69   1                      lvd_mode = 4;
  70   1      }
  71          
  72          
  73          extern u8 dly_pwr_on_cnt;
  74          void lvd_handler(void)
  75          {
  76   1          if(lvd_flag == 4)
  77   1          {
  78   2              lvd_flag = 0;
  79   2              delay_ms(10); //消抖动，上电过程会触发多次
  80   2              if(lvd_flag == 0)
  81   2              {
  82   3                  user_printf("lvd pwr on \n");
  83   3                  // 初始化所有参数
  84   3                  init_lvd_3v();
  85   3              }
  86   2          }
  87   1          // 如果lvd_flag == 3，进入延时启动5秒
  88   1          if(lvd_flag == 3)
  89   1          {
  90   2      
  91   2              // user_printf("lvd pwr 3V \n");
  92   2              dly_pwr_on = 1;
  93   2          }
  94   1      
  95   1      
  96   1      
  97   1      }
  98          


MODULE INFORMATION:   STATIC OVERLAYABLE
   CODE SIZE        =    226    ----
   CONSTANT SIZE    =     25    ----
   XDATA SIZE       =      2    ----
   PDATA SIZE       =   ----    ----
   DATA SIZE        =   ----    ----
   IDATA SIZE       =   ----    ----
   BIT SIZE         =   ----    ----
END OF MODULE INFORMATION.


C51 COMPILATION COMPLETE.  0 WARNING(S),  0 ERROR(S)
